image.c:501:12:on_loadaddr	8	static
image.c:221:5:image_check_hcrc	72	static
image.c:236:5:image_check_dcrc	8	static
image.c:290:7:image_multi_count	0	static
image.c:323:6:image_multi_getimg	24	static
image.c:517:7:getenv_bootm_low	8	static
image.c:534:13:getenv_bootm_size	16	static
image.c:561:13:getenv_bootm_mapsize	8	static
image.c:577:6:memmove_wd	24	static
image.c:607:6:genimg_print_size	8	static
image.c:635:22:get_table_entry	0	static
image.c:756:20:genimg_get_short_name	8	static
image.c:666:13:genimg_get_cat_name	16	static
image.c:690:13:genimg_get_cat_short_name	16	static
image.c:704:5:genimg_get_cat_count	0	static
image.c:709:13:genimg_get_cat_desc	0	static
image.c:728:7:get_table_entry_name	8	static
image.c:740:13:genimg_get_os_name	0	static
image.c:745:13:genimg_get_arch_name	0	static
image.c:751:13:genimg_get_type_name	0	static
image.c:768:13:genimg_get_type_short_name	0	static
image.c:773:13:genimg_get_comp_name	0	static
image.c:383:6:image_print_contents	40	static
image.c:779:13:genimg_get_comp_short_name	0	static
image.c:784:13:genimg_get_os_short_name	0	static
image.c:789:13:genimg_get_arch_short_name	0	static
image.c:808:5:get_table_entry_id	16	static
image.c:826:5:genimg_get_os_id	0	static
image.c:831:5:genimg_get_arch_id	0	static
image.c:836:5:genimg_get_type_id	0	static
image.c:841:5:genimg_get_comp_id	0	static
image.c:846:5:genimg_get_encrypt_id	0	static
image.c:851:5:genimg_get_checksum_id	0	static
image.c:872:7:genimg_get_kernel_addr_fit	0	static
image.c:906:7:genimg_get_kernel_addr	16	static
image.c:929:5:genimg_get_format	0	static
image.c:960:7:genimg_get_image	0	static
image.c:1036:5:genimg_has_config	0	static
image.c:1067:5:boot_get_ramdisk	40	static
image.c:1279:5:boot_ramdisk_high	32	static
image.c:1357:5:boot_get_setup	0	static
image.c:1602:5:image_setup_linux	16	static
