lcd.c:84:13:lcd_stub_puts	0	static
lcd.c:79:13:lcd_stub_putc	0	static
lcd.c:58:6:lcd_sync	0	static
lcd.c:74:6:lcd_set_flush_dcache	0	static
lcd.c:143:12:lcd_get_size	0	static
lcd.c:293:7:lcd_setmem	16	static
lcd.c:321:5:lcd_getfgcolor	0	static
lcd.c:331:5:lcd_getbgcolor	0	static
lcd.c:337:13:lcd_logo_set_cmap	0	static
lcd.c:346:6:lcd_logo_plot	24	static
lcd.c:172:6:lcd_clear	16	static
lcd.c:149:5:drv_lcd_init	96	static
lcd.c:246:12:do_lcd_clear	8	static
lcd.c:777:5:lcd_get_pixel_width	0	static
lcd.c:782:5:lcd_get_pixel_height	0	static
