lcd_console.c:64:20:console_setrow0	0	static
lcd_console.c:75:20:console_moverow0	0	static
lcd_console.c:45:13:lcd_putc_xy0	24	static
lcd_console.c:19:6:lcd_set_col	0	static
lcd_console.c:24:6:lcd_set_row	0	static
lcd_console.c:29:6:lcd_position_cursor	0	static
lcd_console.c:222:12:do_lcd_setcursor	16	static
lcd_console.c:35:5:lcd_get_screen_rows	0	static
lcd_console.c:40:5:lcd_get_screen_columns	0	static
lcd_console.c:123:6:console_calc_rowcol	0	static
lcd_console.c:134:13:lcd_init_console_rot	0	static
lcd_console.c:139:6:lcd_init_console	24	static
lcd_console.c:159:6:lcd_putc	24	static
lcd_console.c:196:6:lcd_puts	8	static
lcd_console.c:237:12:do_lcd_puts	8	static
lcd_console.c:210:6:lcd_printf	288	static
