nuc970_eth.c:163:5:nuc970_eth_write_hwaddr	0	static
nuc970_eth.c:200:7:nuc970_eth_halt	0	static
nuc970_eth.c:227:5:nuc970_eth_send	0	static
nuc970_eth.c:205:5:nuc970_eth_recv	16	static
nuc970_eth.c:48:5:nuc970_eth_mii_write	0	static
nuc970_eth.c:60:5:nuc970_eth_mii_read	0	static
nuc970_eth.c:70:5:nuc970_reset_phy	16	static
nuc970_eth.c:129:6:init_tx_desc	4	static
nuc970_eth.c:146:6:init_rx_desc	8	static
nuc970_eth.c:181:5:nuc970_eth_init	16	static
nuc970_eth.c:247:5:nuc970_eth_register	8	static
