00e00000 T __image_copy_start
00e00000 T _start
00e00020 T _undefined_instruction
00e00024 T _software_interrupt
00e00028 T _prefetch_abort
00e0002c T _data_abort
00e00030 T _not_used
00e00034 T _irq
00e00038 T _fiq
00e00040 T IRQ_STACK_START_IN
00e00060 t undefined_instruction
00e000c0 t software_interrupt
00e00120 t prefetch_abort
00e00180 t data_abort
00e001e0 t not_used
00e00240 t irq
00e002a0 t fiq
00e00300 T reset
00e00318 T c_runtime_cpu_setup
00e0031c t cpu_init_crit
00e00320 t flush_dcache
00e0035c T cleanup_before_linux
00e00380 W l2_cache_disable
00e00384 T print_cpuinfo
00e00470 T arch_cpu_init
00e00478 T timer_init
00e004c0 T get_ticks
00e00548 T __udelay
00e005c8 T get_timer
00e00628 T get_tbclk
00e00630 T reset_cpu
00e00668 T relocate_vectors
00e0066c T _main
00e006b4 t here
00e006c8 t clbss_l
00e00724 T relocate_code
00e00734 t copy_loop
00e0074c t fixloop
00e0076c t fixnext
00e00774 t relocate_done
00e0078c t boot_jump_linux.isra.5
00e0083c T arch_lmb_reserve
00e00860 W setup_board_tags
00e00864 t boot_prep_linux
00e00a10 T do_bootm_linux
00e00a74 T boot_prep_vxworks
00e00a78 T boot_jump_vxworks
00e00a84 W arch_reserve_stacks
00e00aa0 T interrupt_init
00e00abc T enable_interrupts
00e00ac0 T disable_interrupts
00e00ac8 T bad_mode
00e00ad8 T show_regs
00e00c4c T do_undefined_instruction
00e00c6c T do_software_interrupt
00e00c8c T do_prefetch_abort
00e00cac T do_data_abort
00e00ccc T do_not_used
00e00cec T do_fiq
00e00d0c T do_irq
00e00d2c W reset_misc
00e00d30 T do_reset
00e00d64 W invalidate_dcache_range
00e00d68 W flush_dcache_range
00e00d6c W flush_cache
00e00d74 t cp_delay
00e00da4 T icache_enable
00e00dbc T icache_disable
00e00ddc T dcache_enable
00e00de0 T dcache_disable
00e00de4 T dcache_status
00e00dec T dram_init_banksize
00e00e98 T dram_init
00e00eec T board_early_init_f
00e00f1c T board_eth_init
00e00f58 T overwrite_console
00e00f60 T enable_caches
00e00f64 T board_init
00e00f78 T board_late_init
00e00f88 T NUC970_cleanup
00e00fe0 T checkboard
00e010cc T lowlevel_init
00e010d0 t otp_init
00e011e8 T do_decrypt
00e01250 t do_decrypt_program
00e01428 t do_decrypt_aes
00e015c0 T RTC_Check
00e01618 T RTC_AER
00e0165c t do_rtcspare
00e01764 W do_go_exec
00e01774 t do_go
00e017e0 T do_bootm
00e018f0 T do_bootd
00e01910 t image_info
00e019f4 t do_iminfo
00e01a50 T bootm_maybe_autostart
00e01ac8 t do_help
00e01b0c t do_version
00e01b44 T source
00e01c44 t do_source
00e01c88 t print_num
00e01c9c t do_bdinfo
00e01e4c t do_coninfo
00e01efc t do_echo
00e01fac t load_elf_image_shdr
00e02038 T valid_elf_image
00e02084 T do_bootelf
00e02234 T do_bootvx
00e02578 t do_exit
00e025b4 T do_fat_size
00e025cc T do_fat_fsload
00e025e4 t do_fat_ls
00e025fc t do_fat_fsinfo
00e0268c t evalexp
00e026fc t evalstr
00e02768 t binary_test
00e0291c t do_itest
00e029a4 t bin_data_init
00e029d0 t k_data_save
00e02a1c t k_data_restore
00e02a68 t getcxmodem
00e02a88 t load_serial_ymodem
00e02b58 t bin_data_char
00e02b84 t chk1.constprop.1
00e02bb0 t s1_sendpacket.constprop.2
00e02c00 t load_serial
00e02de4 t do_load_serial
00e02ec0 t do_load_serial_bin
00e0366c t do_mem_mw
00e0372c t do_mem_loop
00e03818 t do_mem_md
00e03904 t do_mem_base
00e03944 t do_mem_cp
00e03a34 t do_mem_cmp
00e03bb8 t do_mem_crc
00e03c00 t mod_mem.isra.2
00e03d64 t do_mem_mm
00e03d6c t do_mem_nm
00e03d74 t do_sleep
00e03e40 t do_timer
00e03ee0 t part_delall
00e03f24 t memsize_parse
00e03fa4 t mtd_part_info
00e0403c t getenv_mtdparts
00e0407c t memsize_format
00e04110 t index_partitions
00e041c4 t current_save
00e04280 t part_sort_add
00e0439c t device_del
00e04418 t generate_mtdparts_save.constprop.8
00e04710 t device_delall.constprop.10
00e04774 t mtd_devices_init
00e047a0 t get_mtd_info.constprop.11
00e04820 t part_validate
00e04b94 T device_find
00e04be0 t device_parse
00e05164 T mtd_id_parse
00e05278 T find_dev_and_part
00e0542c T mtdparts_init
00e05a6c t do_chpart
00e05b40 t do_mtdparts
00e06114 t set_dev
00e06188 t nand_print_and_set_info
00e0626c t do_nand
00e06f18 t nand_load_image
00e070e4 t do_nandboot
00e07318 t netboot_common
00e07570 t do_bootp
00e0757c t do_dhcp
00e07588 t do_nfs
00e07594 T do_tftpb
00e075d4 t do_ping
00e0764c t do_false
00e07654 t do_true
00e0765c t do_test
00e07998 t ubi_find_volume
00e07a08 t ubi_volume_continue_write
00e07aa8 T ubi_volume_begin_write
00e07b48 T ubi_volume_write
00e07b50 T ubi_volume_read
00e07d20 T ubi_detach
00e07d94 T ubi_part
00e07fa0 t do_ubi
00e08838 t do_ubifs_mount
00e0889c t do_ubifs_ls
00e08900 t do_ubifs_load
00e089c8 T ubifs_is_mounted
00e089d8 T cmd_ubifs_umount
00e08a00 t do_ubifs_umount
00e08a48 t usb_get_class_desc
00e08b04 t usb_find_device
00e08b40 t usb_show_tree_graph
00e08d60 t usb_display_class_sub
00e08ed0 t usb_display_string
00e08f14 t usb_display_config
00e09120 t do_usbboot
00e0912c t usb_display_desc.part.5
00e09254 t do_usb_start
00e09284 T usb_show_tree
00e092d8 t do_usb
00e09a7c T common_diskboot
00e09cc4 t do_imgextract
00e09f9c t do_env_delete
00e0a038 t do_env_exists
00e0a09c t do_env_save
00e0a0c8 t do_env
00e0a12c t env_print
00e0a1ec t do_env_print
00e0a2b4 t do_env_import
00e0a544 t do_env_default
00e0a5ec t _do_env_set.isra.1
00e0a7a8 t do_env_set
00e0a7c8 T get_env_id
00e0a7d8 T setenv
00e0a838 T setenv_ulong
00e0a858 T setenv_hex
00e0a88c t do_env_export
00e0aae8 T envmatch
00e0ab54 T getenv_f
00e0ac1c T getenv
00e0ac9c T getenv_ulong
00e0accc t do_env_edit.part.3
00e0ad70 t do_env_edit
00e0ad9c T board_init_f_alloc_reserve
00e0ada8 T board_init_f_init_reserve
00e0adb4 W show_boot_progress
00e0adbc T main_loop
00e0ade4 t dummy
00e0ade8 T get_version
00e0adf0 T jumptable_init
00e0afd0 T hash_command
00e0b084 t b_reset
00e0b0a0 t static_get
00e0b0bc t static_peek
00e0b0c8 t file_peek
00e0b0d4 t mapset
00e0b0f4 t syntax_err
00e0b100 t free_pipe_list
00e0b1f0 t xmalloc
00e0b210 t new_pipe
00e0b238 t xrealloc
00e0b258 t done_command
00e0b2e0 t done_pipe
00e0b328 t done_word
00e0b60c t do_showvar
00e0b708 t is_assignment
00e0b764 t file_get
00e0b954 t b_addchr
00e0b9cc t b_addqchr
00e0ba1c T get_local_var
00e0babc T set_local_var
00e0bc78 t insert_var_value_sub
00e0bf38 T parse_string_outer
00e0c01c t run_list_real
00e0c800 t parse_stream_outer
00e0cecc T parse_file_outer
00e0cf10 T u_boot_hush_start
00e0cf64 T bootdelay_process
00e0cfb4 T autoboot_command
00e0d0b4 t display_text_info
00e0d0bc t setup_mon_len
00e0d0dc W mach_cpu_init
00e0d0e4 t reserve_round_4k
00e0d0fc t reserve_mmu
00e0d134 t reserve_trace
00e0d13c t reserve_uboot
00e0d16c t reserve_malloc
00e0d180 t setup_machine
00e0d188 t reserve_global_data
00e0d1a4 t reserve_fdt
00e0d204 t display_new_sp
00e0d20c t initf_console_record
00e0d214 t initf_dm
00e0d21c W reserve_arch
00e0d224 W arch_cpu_init_dm
00e0d22c T init_func_watchdog_reset
00e0d23c t init_func_watchdog_init
00e0d24c t reserve_lcd
00e0d270 t announce_dram_init
00e0d288 t init_baud_rate
00e0d2b4 t mark_bootstage
00e0d2c8 t setup_reloc
00e0d304 t reloc_fdt
00e0d348 t reserve_board
00e0d388 W coloured_LED_init
00e0d38c W red_led_on
00e0d390 W board_add_ram_info
00e0d394 t show_dram_config
00e0d3d8 t setup_dram_config
00e0d3e8 W board_get_usable_ram_top
00e0d3f4 W board_reserve_ram_top
00e0d3f8 t setup_dest_addr
00e0d444 t reserve_stacks
00e0d460 T board_init_f
00e0d488 t bootstage_relocate
00e0d490 t initr_trace
00e0d498 t initr_reloc
00e0d4b0 t initr_reloc_global_data
00e0d4d8 t initr_barrier
00e0d4e0 t initr_console_record
00e0d4e8 W power_init_board
00e0d4f0 t initr_announce
00e0d4f8 t run_main_loop
00e0d504 t initr_net
00e0d520 t initr_ethaddr
00e0d540 t initr_enable_interrupts
00e0d550 t initr_jumptable
00e0d560 t initr_env
00e0d590 t initr_nand
00e0d5ac t initr_serial
00e0d5bc t initr_bootstage
00e0d5d0 t initr_malloc
00e0d5ec t initr_caches
00e0d5fc W cpu_secondary_init_r
00e0d600 t initr_secondary_cpu
00e0d610 T board_init_r
00e0d624 T show_board_info
00e0d628 T bootm_find_images
00e0d674 T bootm_decomp_image
00e0d7f4 T bootm_disable_interrupts
00e0d80c T do_bootm_states
00e0df8c t copy_args
00e0dfdc t do_bootm_rtems
00e0e01c t do_bootm_plan9
00e0e0c0 t do_bootm_standalone
00e0e124 t do_bootm_qnxelf
00e0e180 t do_bootm_netbsd
00e0e278 T do_bootvx_fdt
00e0e2b4 t do_bootm_vxworks
00e0e2d8 W arch_preboot_os
00e0e2dc T boot_selected_os
00e0e334 T bootm_os_get_boot_func
00e0e344 t regex_callback
00e0e478 T env_attr_walk
00e0e594 T env_attr_lookup
00e0e618 t clear_callback
00e0e628 t find_env_callback
00e0e690 t on_callbacks
00e0e6e0 t set_callback
00e0e778 T env_callback_init
00e0e83c t skip_num
00e0e8ac t clear_flags
00e0e8bc t on_flags
00e0e90c T env_flags_parse_vartype
00e0e95c T env_flags_parse_varaccess
00e0e9b4 t set_flags
00e0ea64 T eth_validate_ethaddr_str
00e0eaf8 T env_flags_init
00e0ebd0 T env_flags_validate
00e0ee88 T env_init
00e0eea4 T saveenv
00e0eff0 T env_relocate_spec
00e0f0e0 t usb_set_maxpacket_ep
00e0f154 T usb_stop
00e0f1b8 T usb_disable_asynch
00e0f1d8 T usb_control_msg
00e0f29c t usb_get_descriptor
00e0f2f8 t get_descriptor_len
00e0f3a8 t usb_get_string
00e0f414 t usb_string_sub
00e0f520 T usb_bulk_msg
00e0f598 T usb_maxpacket
00e0f5b4 T usb_clear_halt
00e0f648 T usb_get_configuration_len
00e0f6bc T usb_get_configuration_no
00e0f6ec T usb_set_interface
00e0f7a8 T usb_string
00e0f8ac T usb_get_dev_index
00e0f8d0 T usb_alloc_new_device
00e0f96c T usb_free_device
00e0f9b4 W usb_alloc_device
00e0f9bc T usb_select_config
00e0fe20 T usb_setup_device
00e0ff94 T usb_new_device
00e0ffc8 T usb_init
00e1010c T usb_device_has_child_on_port
00e10120 T usb_find_usb2_hub_address_port
00e1017c t usb_set_port_feature
00e101d0 t usb_clear_port_feature
00e10224 t usb_get_hub_descriptor
00e10274 W usb_hub_reset_devices
00e10278 T usb_get_port_status
00e102c8 T usb_hub_reset
00e102e8 T legacy_hub_port_reset
00e10384 T usb_hub_port_connect_change
00e104e0 t usb_hub_configure
00e1099c T usb_hub_probe
00e109f0 t usb_stor_irq
00e10a0c t usb_stor_BBB_reset
00e10adc t usb_stor_CB_reset
00e10bb0 t usb_stor_BBB_clear_endpt_stall.isra.2
00e10bf0 t usb_stor_BBB_transport
00e10e78 t usb_stor_CB_comdat
00e11078 t usb_stor_CBI_get_status.isra.4
00e11144 t usb_stor_CB_transport
00e1136c t usb_request_sense.constprop.11
00e113dc t usb_stor_read
00e115e4 t usb_stor_write
00e117a4 T usb_stor_info
00e11818 T usb_storage_probe
00e11a1c T usb_stor_get_info
00e11dd0 T usb_stor_scan
00e11fc0 T iomux_doenv
00e12188 t lcd_stub_puts
00e12190 t lcd_stub_putc
00e12198 T lcd_sync
00e1219c W lcd_get_size
00e121d0 T lcd_setmem
00e12204 T lcd_getfgcolor
00e12214 T lcd_getbgcolor
00e12224 W lcd_logo_set_cmap
00e12254 T lcd_logo_plot
00e1234c T lcd_clear
00e12410 T drv_lcd_init
00e124d4 t do_lcd_clear
00e124e4 t console_setrow0
00e12508 t console_moverow0
00e12538 t lcd_putc_xy0
00e125cc T lcd_set_col
00e125dc T lcd_set_row
00e125ec T lcd_position_cursor
00e12640 t do_lcd_setcursor
00e12690 W lcd_init_console_rot
00e12694 T lcd_init_console
00e12710 T lcd_putc
00e129e0 T lcd_puts
00e12a1c t do_lcd_puts
00e12a40 T lcd_printf
00e12a78 W env_get_char_spec
00e12a84 T env_get_addr
00e12aa4 T env_get_char_memory
00e12ab4 T env_get_char
00e12ae4 T getenv_yesno
00e12b24 T getenv_default
00e12b54 T set_default_env
00e12c20 T set_default_vars
00e12c58 T env_import
00e12d38 T env_export
00e12ddc T env_relocate
00e12e08 T env_complete
00e12ee4 t console_tstc
00e12f6c t console_putc
00e12fc0 t console_puts
00e13014 t on_console
00e130d0 T serial_printf
00e13114 t console_getc.isra.0
00e1313c T tstc
00e13160 T putc
00e13188 T puts
00e131b0 T getc
00e131f8 T ctrlc
00e13250 T confirm_yesno
00e13324 T had_ctrlc
00e13334 T clear_ctrlc
00e13348 T search_device
00e13370 T console_assign
00e13448 T console_init_f
00e13458 T stdio_print_current_devices
00e13508 T console_init_r
00e136d0 T sbrk
00e1373c T mem_malloc_init
00e13770 t malloc_trim
00e1383c t free
00e13a70 t malloc
00e1407c t calloc
00e14150 t realloc
00e14570 t memalign
00e146e0 T initf_malloc
00e146e8 t on_loadaddr
00e14720 T image_check_hcrc
00e14780 T image_check_dcrc
00e147e0 T image_multi_count
00e147fc T image_multi_getimg
00e148a4 T getenv_bootm_low
00e148cc T getenv_bootm_size
00e14934 T getenv_bootm_mapsize
00e14964 T memmove_wd
00e149d8 T genimg_print_size
00e14a08 T get_table_entry
00e14a2c T get_table_entry_name
00e14a4c T genimg_get_os_name
00e14a64 T genimg_get_arch_name
00e14a7c T genimg_get_type_name
00e14a94 T genimg_get_comp_name
00e14aac T image_print_contents
00e14c5c T genimg_get_kernel_addr_fit
00e14c80 T genimg_get_format
00e14cb4 T genimg_get_image
00e14cb8 T boot_get_ramdisk
00e14f24 T boot_ramdisk_high
00e1505c T boot_get_setup
00e15064 W get_effective_memsize
00e1506c t stdio_serial_tstc
00e15070 t stdio_serial_getc
00e15074 t stdio_serial_puts
00e1507c t stdio_serial_putc
00e15084 T stdio_get_list
00e15090 T stdio_get_by_name
00e150ec T stdio_clone
00e15124 T stdio_register_dev
00e15174 T stdio_register
00e1517c T stdio_init_tables
00e15198 T stdio_add_devices
00e15214 T run_command
00e15224 T run_command_list
00e152a0 T do_run
00e15318 T cli_loop
00e15324 T cli_init
00e15328 t delete_char.part.0
00e153f8 t cread_add_char
00e154e0 T cli_readline_into_buffer
00e15f64 T cli_readline
00e15f78 T find_cmd_tbl
00e1601c T find_cmd
00e16044 T cmd_usage
00e160a0 T _do_help
00e16218 T var_complete
00e1629c T cmd_auto_complete
00e1674c T cmd_get_data_size
00e167a8 T cmd_process
00e16890 t hex1_bin
00e168d0 t hex2_bin
00e16908 T srec_decode
00e16b60 t CYGACC_COMM_IF_GETC_TIMEOUT.isra.0
00e16bbc t xyzModem_flush
00e16bd8 t xyzModem_get_hdr
00e16e10 T xyzModem_stream_open
00e1704c T xyzModem_stream_read
00e172a4 T xyzModem_stream_close
00e172f8 T xyzModem_stream_terminate
00e1738c T xyzModem_error
00e173ac T dev_print
00e175c8 T part_init
00e1761c T part_print
00e17750 T part_get_info
00e177c0 T blk_get_device_by_str
00e17910 T blk_get_device_part_str
00e17d78 T part_set_generic_name
00e17dc4 t test_block_type
00e17e48 t print_partition_extended
00e180bc T part_print_dos
00e180f0 t part_test_dos
00e18150 t part_get_info_extended.constprop.5
00e183bc T part_get_info_dos
00e183dc t get_desc
00e1843c T blk_driver_lookup_type
00e18478 T blk_get_devnum_by_type
00e184b4 T blk_dselect_hwpart
00e184fc T blk_get_devnum_by_typename
00e18570 T lcd_enable
00e18588 T lcd_ctrl_init
00e186a8 T lcd_show_board_info
00e1877c t Unlock_RegWriteProtect
00e187a8 T hw_watchdog_reset
00e187d4 T hw_watchdog_init
00e18878 T idr_get_next
00e188bc T __mtd_next_device
00e188dc T del_mtd_device
00e18950 T __get_mtd_device
00e18988 T get_mtd_device
00e18a14 T get_mtd_device_nm
00e18a6c T __put_mtd_device
00e18abc T put_mtd_device
00e18ac0 T mtd_erase
00e18b44 T mtd_read
00e18bec T mtd_write
00e18c88 T mtd_read_oob
00e18ce8 T mtd_unlock
00e18d5c T add_mtd_device
00e18f3c T mtd_block_isbad
00e18f84 T mtd_block_markbad
00e18fe4 T mtd_arg_off
00e190d0 T mtd_arg_off_size
00e191ec t part_get_unmapped_area
00e1920c t part_read_user_prot_reg
00e19218 t part_get_user_prot_info
00e19224 t part_read_fact_prot_reg
00e19230 t part_get_fact_prot_info
00e1923c t part_write
00e19260 t part_panic_write
00e19284 t part_write_oob
00e192f0 t part_write_user_prot_reg
00e192fc t part_lock_user_prot_reg
00e19308 t part_lock
00e1932c t part_unlock
00e19350 t part_is_locked
00e19374 t part_sync
00e19380 t part_block_isreserved
00e193a0 t part_block_isbad
00e193c0 t part_block_markbad
00e193f4 t part_read
00e1946c t part_read_oob
00e19610 t part_erase
00e19680 T kstrdup
00e196d0 T mtd_erase_callback
00e19740 T del_mtd_partitions
00e197d4 T add_mtd_partitions
00e19eb0 T mtd_is_partition
00e19eec T mtd_get_device_size
00e19f14 T nand_register
00e19fa8 T nand_init
00e1a010 t verify_bbt_descr
00e1a1e0 t create_bbt
00e1a404 t scan_read
00e1a504 t read_bbt
00e1a6e0 t write_bbt
00e1ac9c t nand_update_bbt
00e1adb4 t mark_bbt_region
00e1af24 t search_bbt
00e1b0bc t read_abs_bbt
00e1b184 T nand_default_bbt
00e1b730 T nand_isreserved_bbt
00e1b770 T nand_isbad_bbt
00e1b7bc T nand_markbad_bbt
00e1b818 t check_skip_len
00e1b8c4 T nand_erase_opts
00e1bc28 T nand_verify_page_oob
00e1bce8 T nand_verify
00e1bdd4 T nand_write_skip_bad
00e1c094 T nand_read_skip_bad
00e1c308 T nand_calculate_ecc
00e1c3f8 T nand_correct_data
00e1c51c t nand_release_device
00e1c528 T nand_read_byte
00e1c538 t nand_read_byte16
00e1c548 t nand_read_word
00e1c554 t nand_write_byte
00e1c578 t nand_write_byte16
00e1c59c T nand_write_buf
00e1c5c0 T nand_read_buf
00e1c5e8 T nand_write_buf16
00e1c614 T nand_read_buf16
00e1c640 t nand_read_page_raw_syndrome
00e1c714 t nand_read_page_swecc
00e1c84c t nand_read_oob_std
00e1c888 t nand_read_oob_syndrome
00e1c98c t nand_write_oob_std
00e1c9fc t nand_write_oob_syndrome
00e1cb8c t nand_write_page_raw_syndrome
00e1cc60 t nand_write_page_swecc
00e1cd28 t nand_write_page_hwecc
00e1cdf8 t nand_write_page_syndrome
00e1cef0 t single_erase
00e1cf38 t nand_sync
00e1cf44 t nand_set_defaults
00e1d0d4 t nand_setup_read_retry_micron
00e1d100 t nand_write_subpage_hwecc
00e1d28c t nand_check_erased_buf
00e1d3e4 t nand_block_bad
00e1d534 t nand_write_page
00e1d670 t nand_wait
00e1d734 t sanitize_string
00e1d76c t nand_block_isreserved
00e1d784 t nand_check_wp
00e1d7d4 t nand_read_page_raw
00e1d818 t nand_write_page_raw
00e1d85c t nand_onfi_set_features
00e1d8dc t nand_onfi_get_features
00e1d944 t nand_block_checkbad
00e1d9bc t nand_block_isbad
00e1da34 t nand_fill_oob
00e1db50 t nand_do_write_ops
00e1dea8 t nand_write
00e1df2c t nand_do_write_oob
00e1e0ec t nand_default_block_markbad
00e1e1c4 t nand_write_oob
00e1e260 t nand_select_chip
00e1e2ac t nand_transfer_oob
00e1e3b4 t onfi_crc16.constprop.21
00e1e408 t panic_nand_write
00e1e4cc t nand_wait_status_ready.constprop.23
00e1e510 T nand_wait_ready
00e1e568 t nand_command
00e1e744 t nand_command_lp
00e1e998 t nand_do_read_ops
00e1ee40 t nand_read_oob
00e1f0c4 t nand_read
00e1f144 T nand_check_erased_ecc_chunk
00e1f20c t nand_read_page_syndrome
00e1f3c0 t nand_read_subpage
00e1f68c t nand_read_page_hwecc
00e1f830 t nand_read_page_hwecc_oob_first
00e1f9bc T nand_erase_nand
00e1fc24 t nand_block_markbad
00e1fd00 t nand_erase
00e1fd08 T nand_scan_ident
00e20d9c T nand_scan_tail
00e213b8 T nand_scan
00e213dc t nuc970_hwcontrol
00e2142c t nuc970_nand_select_chip
00e21448 t nuc970_dev_ready
00e21460 t nuc970_nand_read_byte
00e21474 t nuc970_nand_write_buf
00e2149c t nuc970_nand_read_buf
00e214c4 T nuc970_nand_enable_hwecc
00e214c8 t nuc970_nand_calculate_ecc
00e214d0 t nuc970_nand_correct_data
00e214d8 t nuc970_nand_write_page_hwecc
00e21690 t nuc970_nand_command_lp
00e21854 t nuc970_nand_read_oob_hwecc
00e2189c T fmiSM_CorrectData_BCH
00e21b60 T fmiSMCorrectData
00e21c38 t nuc970_nand_read_page_hwecc_oob_first
00e21e38 T board_nand_init
00e22300 t add_to_list
00e223d4 t destroy_ai
00e225ec t validate_vid_hdr.isra.5
00e226f8 T ubi_compare_lebs
00e22960 T ubi_add_to_av
00e22e70 T ubi_find_av
00e22ea4 T ubi_remove_av
00e22f0c T ubi_early_get_peb
00e230b0 T ubi_attach
00e240c8 t kill_volumes
00e24104 T ubi_volume_notify
00e24138 T ubi_notify_all
00e24194 T ubi_get_device
00e241b4 T ubi_put_device
00e241c4 T ubi_free_internal_volumes
00e24204 T ubi_attach_mtd_dev
00e24944 T ubi_detach_mtd_dev
00e24a30 T ubi_init
00e24b74 T ubi_exit
00e24bd0 T kstrtoint
00e24bf4 T ubi_mtd_param_parse
00e24dd0 t ubi_update_layout_vol
00e24e20 t vtbl_check
00e25150 t create_vtbl
00e25398 T ubi_change_vtbl_record
00e25470 T ubi_read_volume_table
00e25bd4 t vol_release
00e25bf0 t self_check_volumes
00e25f64 T ubi_create_volume
00e2642c T ubi_resize_volume
00e26670 T ubi_add_volume
00e266a0 T ubi_free_volume
00e266b8 t clear_update_marker
00e2679c t write_leb
00e26854 T ubi_start_update
00e269d8 T ubi_more_update_data
00e26c5c T ubi_do_get_device_info
00e26c90 T ubi_get_device_info
00e26cd4 T ubi_do_get_volume_info
00e26d4c T ubi_get_volume_info
00e26d60 T ubi_close_volume
00e26de0 T ubi_open_volume
00e26fa0 T ubi_open_volume_nm
00e2707c T ubi_leb_read
00e27174 T ubi_leb_unmap
00e271dc T ubi_is_mapped
00e27224 t ltree_lookup.isra.5
00e27260 t ltree_add_entry
00e27330 t leb_write_unlock
00e2736c t leb_read_unlock
00e273a8 t is_error_sane
00e273d8 T ubi_eba_unmap_leb
00e27464 T ubi_eba_read_leb
00e276a4 T ubi_eba_write_leb
00e27da8 T ubi_eba_write_leb_st
00e28248 T ubi_eba_atomic_leb_change
00e2866c T ubi_eba_copy_leb
00e28a94 T ubi_eba_init
00e28c9c t erase_callback
00e28ca0 t validate_ec_hdr
00e28dd0 t self_check_ec_hdr.isra.1.part.2
00e28e3c t validate_vid_hdr.isra.3
00e2909c t self_check_vid_hdr.isra.4.part.5
00e2910c T ubi_io_is_bad
00e29144 t self_check_not_bad.part.6
00e2915c T ubi_io_read
00e29248 t self_check_peb_ec_hdr.part.8
00e2933c T ubi_io_mark_bad
00e29384 T ubi_io_read_ec_hdr
00e29500 T ubi_io_read_vid_hdr
00e29680 T ubi_self_check_all_ff
00e2974c T ubi_io_write
00e29a94 T ubi_io_write_ec_hdr
00e29c18 T ubi_io_write_vid_hdr
00e29d18 t do_sync_erase
00e29df4 t do_sync_erase
00e29e48 T ubi_io_sync_erase
00e2a0ec t in_wl_tree
00e2a148 t shutdown_work
00e2a1a0 t prot_queue_del
00e2a218 t find_wl_entry
00e2a29c t wl_tree_add
00e2a2fc t wl_entry_destroy.isra.7
00e2a310 t tree_destroy
00e2a370 t self_check_in_wl_tree
00e2a3a0 t get_peb_for_wl
00e2a3f0 T do_work
00e2a43c t schedule_erase
00e2a4c4 t ensure_wear_leveling
00e2a5b8 t erase_worker
00e2aa20 t wear_leveling_worker
00e2ae6c T ubi_wl_put_peb
00e2afc8 T ubi_wl_scrub_peb
00e2b0c8 T ubi_wl_flush
00e2b168 T ubi_wl_init
00e2b478 T ubi_wl_close
00e2b51c T ubi_wl_get_peb
00e2b640 T crc32_le
00e2b718 T ubi_calc_data_len
00e2b744 T ubi_check_volume
00e2b800 T ubi_update_reserved
00e2b854 T ubi_calculate_reserved
00e2b86c T ubi_check_pattern
00e2b898 T ubi_dump_flash
00e2b92c T ubi_dump_ec_hdr
00e2b930 T ubi_dump_vid_hdr
00e2b934 T ubi_dump_vol_info
00e2ba88 T ubi_dump_vtbl_record
00e2bad0 T ubi_dump_av
00e2bad4 T ubi_dump_aeb
00e2bad8 T ubi_debugfs_init
00e2bae0 T ubi_debugfs_exit
00e2bae4 T ubi_debugfs_init_dev
00e2baec T ubi_debugfs_exit_dev
00e2baf0 T ubi_dbg_power_cut
00e2baf8 T nuc970_eth_write_hwaddr
00e2bb50 T nuc970_eth_halt
00e2bb6c T nuc970_eth_send
00e2bbbc T nuc970_eth_recv
00e2bc28 T nuc970_eth_mii_write
00e2bc50 T nuc970_eth_mii_read
00e2bc80 T nuc970_reset_phy
00e2bd98 T init_tx_desc
00e2bdf4 T init_rx_desc
00e2be5c T nuc970_eth_init
00e2bea0 T nuc970_eth_register
00e2bf24 t serial_stub_start
00e2bf30 t serial_stub_stop
00e2bf3c t serial_stub_putc
00e2bf4c t serial_stub_puts
00e2bf5c T serial_stub_getc
00e2bf68 T serial_stub_tstc
00e2bf74 t get_current
00e2bfb4 W amirix_serial_initialize
00e2bfb4 W arc_serial_initialize
00e2bfb4 W arm_dcc_initialize
00e2bfb4 W asc_serial_initialize
00e2bfb4 W atmel_serial_initialize
00e2bfb4 W au1x00_serial_initialize
00e2bfb4 W bfin_jtag_initialize
00e2bfb4 W bfin_serial_initialize
00e2bfb4 W bmw_serial_initialize
00e2bfb4 W clps7111_serial_initialize
00e2bfb4 W cogent_serial_initialize
00e2bfb4 W cpci750_serial_initialize
00e2bfb4 W evb64260_serial_initialize
00e2bfb4 W imx_serial_initialize
00e2bfb4 W iop480_serial_initialize
00e2bfb4 W jz_serial_initialize
00e2bfb4 W leon2_serial_initialize
00e2bfb4 W leon3_serial_initialize
00e2bfb4 W lh7a40x_serial_initialize
00e2bfb4 W lpc32xx_serial_initialize
00e2bfb4 W marvell_serial_initialize
00e2bfb4 W max3100_serial_initialize
00e2bfb4 W mcf_serial_initialize
00e2bfb4 W ml2_serial_initialize
00e2bfb4 W mpc512x_serial_initialize
00e2bfb4 W mpc5xx_serial_initialize
00e2bfb4 W mpc8260_scc_serial_initialize
00e2bfb4 W mpc8260_smc_serial_initialize
00e2bfb4 W mpc85xx_serial_initialize
00e2bfb4 W mpc8xx_serial_initialize
00e2bfb4 W mxc_serial_initialize
00e2bfb4 W mxs_auart_initialize
00e2bfb4 W n9h30_serial_initialize
00e2bfb4 W ns16550_serial_initialize
00e2bfb4 W nuc980_serial_initialize
00e2bfb4 W oc_serial_initialize
00e2bfb4 W p3mx_serial_initialize
00e2bfb4 W pl01x_serial_initialize
00e2bfb4 W pxa_serial_initialize
00e2bfb4 W s3c24xx_serial_initialize
00e2bfb4 W s5p_serial_initialize
00e2bfb4 W sa1100_serial_initialize
00e2bfb4 W sandbox_serial_initialize
00e2bfb4 W sconsole_serial_initialize
00e2bfb4 W sh_serial_initialize
00e2bfb4 W stm32_serial_initialize
00e2bfb4 W uartlite_serial_initialize
00e2bfb4 W zynq_serial_initialize
00e2bfb4 t serial_null
00e2bfb8 T serial_register
00e2bfd0 T serial_stdio_init
00e2c074 T serial_assign
00e2c0c0 T serial_initialize
00e2c194 T serial_init
00e2c1b4 T serial_setbrg
00e2c1c8 t on_baudrate
00e2c2b4 T serial_getc
00e2c2c8 T serial_tstc
00e2c2dc T serial_putc
00e2c2f8 T serial_puts
00e2c314 T nuc970_serial_init
00e2c37c T nuc970_serial_tstc
00e2c394 T nuc970_serial_setbrg
00e2c398 T nuc970_serial_getc
00e2c3c0 T nuc970_serial_putc
00e2c3fc T nuc970_serial_puts
00e2c41c T nuc970_serial_initialize
00e2c428 W default_serial_console
00e2c434 t ehci_get_port_speed
00e2c440 t ehci_set_usbmode
00e2c458 t ehci_get_portsc_register
00e2c470 t ehci_powerup_fixup
00e2c478 t handshake
00e2c4c8 t ehci_shutdown
00e2c574 t ehci_td_buffer
00e2c5f4 t _ehci_poll_int_queue
00e2c6b8 t disable_periodic.isra.2
00e2c700 t enable_periodic.isra.3
00e2c750 t _ehci_destroy_int_queue
00e2c82c t ehci_update_endpt2_dev_n_port.isra.4
00e2c888 t ehci_submit_async
00e2cec0 t _ehci_create_int_queue.isra.6
00e2d25c T usb_lowlevel_stop
00e2d284 T usb_lowlevel_init
00e2d55c T submit_bulk_msg
00e2d584 T submit_control_msg
00e2dabc T submit_int_msg
00e2db64 T ehci_hcd_init
00e2dc10 T ehci_hcd_stop
00e2dc18 t fs_probe_unsupported
00e2dc30 t fs_ls_unsupported
00e2dc38 t fs_exists_unsupported
00e2dc40 t fs_size_unsupported
00e2dc48 t fs_read_unsupported
00e2dc50 t fs_write_unsupported
00e2dc58 t fs_close_unsupported
00e2dc5c t fs_uuid_unsupported
00e2dc64 t fs_get_info
00e2dc98 t fs_close
00e2dcc0 T fs_set_blk_dev
00e2dd74 T fs_ls
00e2ddb0 T fs_exists
00e2dde4 T fs_size
00e2de20 T fs_read
00e2dec4 T do_size
00e2df24 T do_load
00e2e16c T do_ls
00e2e1d4 T file_exists
00e2e200 t downcase
00e2e230 t disk_read
00e2e29c t dirdelim
00e2e2cc t get_fatent
00e2e428 t mkcksum
00e2e478 t get_cluster
00e2e5e8 t get_name
00e2e694 t read_bootsectandvi
00e2e7bc t slot2str
00e2e878 t get_vfatname
00e2ea34 T fat_set_blk_dev
00e2eb00 T do_fat_read_at
00e2f7bc T do_fat_read
00e2f7f8 T file_fat_detectfs
00e2f940 T file_fat_ls
00e2f96c T fat_exists
00e2f9b0 T fat_size
00e2f9e8 T file_fat_read_at
00e2fa48 T fat_read_file
00e2fa90 T fat_close
00e2fa94 t gzip_decompress
00e2fac0 t compr_init
00e2fb64 t ubifs_findfile
00e2feb4 T kmemdup
00e2fee8 T ubifs_decompress
00e2ff78 t read_block
00e300a8 T ubifs_compressors_init
00e300e4 T ubifs_set_blk_dev
00e3010c T ubifs_ls
00e30600 T ubifs_exists
00e30650 T ubifs_size
00e306ec T ubifs_read
00e30aa4 T ubifs_close
00e30aa8 T ubifs_load
00e30b28 T uboot_ubifs_umount
00e30b6c T ubifs_ro_mode
00e30ba0 T ubifs_leb_read
00e30bb0 T ubifs_leb_unmap
00e30bf4 T ubifs_is_mapped
00e30bfc T ubifs_check_node
00e30d38 T ubifs_pad
00e30e2c T ubifs_wbuf_seek_nolock
00e30e88 T ubifs_read_node
00e30f4c T ubifs_read_node_wbuf
00e3106c T ubifs_wbuf_init
00e31120 t ubifs_dirty_inode
00e31134 t sb_test
00e31158 t sb_set
00e31164 t free_wbufs
00e311c8 t free_orphans
00e31254 t kill_ubifs_super
00e3125c t ubifs_alloc_inode
00e31294 t bud_wbuf_callback
00e312b0 T iget_locked
00e31300 T ubifs_iput
00e3132c T iput
00e31384 T clear_nlink
00e313bc T set_nlink
00e31400 T ubifs_iget
00e3182c T ubifs_umount
00e318e0 T sget
00e31980 t ubifs_mount
00e32744 T ubifs_init
00e3276c T uboot_ubifs_mount
00e327d4 t key_r5_hash
00e32814 t key_test_hash
00e32854 T ubifs_read_sb_node
00e328c0 T ubifs_read_superblock
00e32ec4 T ubifs_read_master
00e33b38 t do_calc_lpt_geom
00e33f3c t calc_nnode_num_from_parent
00e33f6c t validate_nnode
00e34038 t update_cats
00e34078 t calc_pnode_num_from_parent.isra.2
00e340b0 t validate_pnode
00e34160 T ubifs_calc_lpt_geom
00e341f8 T ubifs_unpack_bits
00e34338 t check_lpt_crc.isra.4
00e34390 t unpack_pnode
00e34480 T ubifs_add_lpt_dirt
00e344b0 T ubifs_add_nnode_dirt
00e34510 t dirty_cow_nnode
00e34610 T ubifs_unpack_nnode
00e346d4 T ubifs_read_nnode
00e34818 T ubifs_get_nnode
00e34848 T ubifs_get_pnode
00e34a08 T ubifs_lpt_lookup_dirty
00e34c0c T ubifs_lpt_init
00e34e0c T ubifs_lpt_free
00e34fd8 T ubifs_scan_a_node
00e35124 T ubifs_start_scan
00e351b0 T ubifs_end_scan
00e351cc T ubifs_add_snod
00e352b8 T ubifs_scanned_corruption
00e352bc T ubifs_scan_destroy
00e35300 T ubifs_scan
00e35484 t get_heap_comp_val
00e354b0 t move_up_lpt_heap.isra.7
00e35534 t adjust_lpt_heap.isra.8
00e356d4 t remove_from_lpt_heap.isra.10
00e3573c T ubifs_add_to_cat
00e358fc T ubifs_replace_cat
00e3595c T ubifs_categorize_lprops
00e359f4 T ubifs_calc_dark
00e35a18 T ubifs_change_lp
00e35d70 T ubifs_change_one_lp
00e35dcc T ubifs_update_one_lp
00e35e2c t insert_zbranch
00e35f0c t insert_old_idx
00e35fb4 t get_znode
00e35ff0 t tnc_prev
00e3608c t tnc_next
00e36128 t fallible_read_node
00e36254 t lnc_free.isra.14
00e3627c t key_in_range.isra.16
00e362d8 t correct_parent_keys.isra.17
00e36344 t matches_name
00e3642c t resolve_collision
00e365f4 t tnc_read_node_nm
00e3667c t tnc_insert.constprop.22
00e36ad4 t dirty_cow_znode
00e36ce4 t dirty_cow_bottom_up
00e36dec t lookup_level0_dirty
00e36fac t fallible_matches_name
00e370a0 t fallible_resolve_collision
00e3731c T insert_old_idx_znode
00e3736c t tnc_delete
00e37648 T destroy_old_idx
00e37688 T ubifs_lookup_level0
00e377e8 T ubifs_tnc_locate
00e37904 T ubifs_tnc_add
00e379d8 T ubifs_tnc_remove
00e37a2c T ubifs_tnc_remove_nm
00e37b04 T ubifs_tnc_add_nm
00e37ccc T ubifs_tnc_remove_range
00e37ed8 T ubifs_tnc_next_ent
00e37fec T ubifs_tnc_remove_ino
00e3811c T ubifs_tnc_close
00e381b4 T ubifs_search_zbranch
00e38234 T ubifs_tnc_postorder_first
00e38280 T ubifs_tnc_postorder_next
00e382cc T ubifs_destroy_tnc_subtree
00e3835c T ubifs_load_znode
00e38644 T ubifs_tnc_read_node
00e386d8 T ubifs_dump_inode
00e386dc T ubifs_dump_node
00e386e0 T ubifs_dump_znode
00e386e4 T ubifs_dump_pnode
00e386e8 T dbg_check_dir
00e386f0 T dbg_debugfs_exit_fs
00e386f4 T ubifs_debugging_init
00e386fc T ubifs_debugging_exit
00e38700 T dbg_check_filesystem
00e38708 T dbg_debugfs_init_fs
00e38710 T dbg_check_tnc
00e38718 T dbg_check_idx_size
00e38720 T crc16
00e38754 T ubifs_calc_min_idx_lebs
00e387e8 T ubifs_reported_space
00e3885c T ubifs_search_bud
00e3888c T ubifs_get_wbuf
00e388d8 T ubifs_add_bud
00e38980 T ubifs_clear_orphans
00e389c8 T ubifs_mount_orphans
00e38d70 t is_empty
00e38d9c t find_ino
00e38dc8 t get_master_node
00e38fc4 t add_ino
00e3905c T ubifs_recover_master_node
00e39290 T ubifs_recover_leb
00e396ec T ubifs_recover_log_leb
00e39904 T ubifs_destroy_size_tree
00e39958 T ubifs_recover_size_accum
00e39a5c T ubifs_recover_size
00e39bd4 t replay_entries_cmp
00e39c00 t insert_node
00e39cc8 T ubifs_validate_entry
00e39db8 T ubifs_replay_journal
00e3ab54 T ubifs_destroy_idx_gc
00e3ab9c T lzo1x_decompress_safe
00e3b1dc T lzop_decompress
00e3b35c T zcalloc
00e3b364 T zcfree
00e3b36c T inflate_fast
00e3b904 T inflate_table
00e3be5c T inflateReset
00e3bee0 T inflateInit2_
00e3bfe8 T inflateEnd
00e3c064 T adler32
00e3c3ac T inflate
00e3d8d8 T crc16_ccitt
00e3d918 T gzalloc
00e3d928 T gzfree
00e3d930 T zunzip
00e3da48 T gunzip
00e3db00 T initcall_run_list
00e3db60 t lmb_add_region
00e3dd04 T lmb_init
00e3dd2c T lmb_add
00e3dd30 T lmb_reserve
00e3dd38 T __lmb_alloc_base
00e3de68 T lmb_alloc_base
00e3de9c T lmb_alloc
00e3dea4 W board_lmb_reserve
00e3dea8 T string_to_ip
00e3df24 T qsort
00e3e004 T strcmp_compar
00e3e010 T rb_insert_color
00e3e174 T rb_erase
00e3e4ac T rb_first
00e3e4d0 T rb_last
00e3e4f4 T rb_next
00e3e554 T rb_next_postorder
00e3e5a8 T rb_first_postorder
00e3e5dc t merge
00e3e644 T list_sort
00e3e7d8 t cmpkey
00e3e7ec t _hdelete.isra.1
00e3e83c t drop_var_from_set.part.2
00e3e88c t match_string
00e3e940 t match_entry
00e3ea00 T hcreate_r
00e3eab0 T hdestroy_r
00e3eb2c T hmatch_r
00e3ebcc T hsearch_r
00e3f084 T hdelete_r
00e3f160 T hexport_r
00e3f3fc T himport_r
00e3f7ec T hwalk_r
00e3f844 T display_options
00e3f864 T print_size
00e3f994 T print_buffer
00e3fb44 T crc32_no_comp
00e3fc1c T crc32
00e3fc30 T crc32_wd
00e3fc80 T __div64_32
00e3fd54 T hang
00e3fd70 T copy_from_user
00e3fd80 T kmalloc
00e3fdb8 T get_mem
00e3fdd4 T kmem_cache_alloc
00e3fde0 T skip_spaces
00e3fe08 T strim
00e3fe68 t emit
00e3fe8c t store_char_in_data
00e3feb4 t get_escape_char
00e3ff34 t match
00e40330 t loop_greedy
00e403c4 t loop_non_greedy
00e40444 t fixup_branch.part.0
00e4047c t quantifier
00e40534 t compile
00e408b4 T slre_compile
00e4096c T slre_match
00e40a08 T strcpy
00e40a20 T strncpy
00e40a44 T strcat
00e40a74 T strncat
00e40ac8 T strcmp
00e40af4 T strncmp
00e40b34 T strchr
00e40b60 T strlen
00e40b80 T strnlen
00e40bac T strdup
00e40bec T strpbrk
00e40c28 T strsep
00e40c60 T memset
00e40cbc T memcpy
00e40d28 T memmove
00e40d70 T memcmp
00e40da0 T strstr
00e40e0c T udelay
00e40e40 T mdelay
00e40e64 t put_dec_trunc
00e40f50 t string
00e4100c t put_dec
00e41150 t number
00e41404 t vsnprintf_internal
00e41ab4 T vscnprintf
00e41ad8 T snprintf
00e41b00 T vsprintf
00e41b10 T sprintf
00e41b38 T printf
00e41b7c T vprintf
00e41bb0 T simple_itoa
00e41c04 T str2off
00e41c44 T str2long
00e41c84 t panic_finish
00e41cb4 T panic
00e41cd0 T simple_strtoul
00e41d88 T strict_strtoul
00e41e00 T simple_strtol
00e41e24 T ustrtoul
00e41e94 T simple_strtoull
00e41f70 T ustrtoull
00e41ff8 T compute_ip_checksum
00e42068 T ip_checksum_ok
00e42088 T arp_init
00e420d8 T arp_raw_request
00e4219c T arp_request
00e42220 T arp_timeout_check
00e422b4 T arp_receive
00e424dc t dhcp_extended
00e426e4 t dhcp_process_options
00e428d8 t dhcp_packet_process_options
00e4295c t dhcp_handler
00e42ca0 T bootp_reset
00e42ce4 T bootp_request
00e42f94 t bootp_timeout_handler
00e43004 T dhcp_request
00e43008 W cpu_eth_init
00e43008 t __def_eth_init
00e43010 T eth_set_current_to_next
00e43028 T eth_set_dev
00e43038 T eth_get_dev_by_name
00e430bc T eth_get_dev_by_index
00e430fc T eth_get_dev_index
00e43118 T eth_write_hwaddr
00e43300 t on_ethaddr
00e433a4 T eth_register
00e43420 T eth_initialize
00e435a8 T eth_init
00e43624 T eth_halt
00e43654 T eth_send
00e43684 T eth_rx
00e436a8 T eth_parse_enetaddr
00e43704 T eth_getenv_enetaddr
00e43760 T eth_setenv_enetaddr
00e43794 T eth_getenv_enetaddr_by_index
00e437e0 T eth_setenv_enetaddr_by_index
00e4382c T eth_common_init
00e43834 T eth_mac_skip
00e43874 T eth_get_name
00e43894 T eth_current_changed
00e43930 T eth_try_another
00e439b4 T eth_set_current
00e43a40 t start_again_timeout_handler
00e43a54 t dummy_handler
00e43a58 t on_ipaddr
00e43a88 t on_gatewayip
00e43ab8 t on_netmask
00e43ae8 t on_serverip
00e43b18 t net_init_loop
00e43b40 t net_clear_handlers
00e43b74 T net_auto_load
00e43bd8 T net_init
00e43c48 T net_start_again
00e43db4 T net_loop
00e44134 T net_set_udp_handler
00e44154 T net_get_arp_handler
00e44164 T net_set_timeout_handler
00e441c0 T net_process_received_packet
00e444ac T net_eth_hdr_size
00e444f8 T net_set_ether
00e445ac T net_update_ether
00e44630 T net_set_ip_header
00e446b8 T net_set_udp_header
00e44760 T net_send_udp_packet
00e44868 T copy_filename
00e448ac t on_bootfile
00e448e0 T ip_to_string
00e44938 T string_to_vlan
00e44990 t on_nvlan
00e449c0 t on_vlan
00e449f0 t rpc_lookup_reply
00e44ae4 t nfs_mount_reply
00e44ba4 t nfs_umountall_reply
00e44c54 t nfs_lookup_reply
00e44dcc t nfs3_get_attributes_offset
00e44df4 t nfs_readlink_reply
00e44f40 t basename
00e44f7c t rpc_req
00e450e4 t nfs_umountall_req
00e45168 t nfs_read_reply.isra.2
00e45330 t nfs_readlink_req
00e45410 t nfs_mount_req
00e454e4 t nfs_read_req
00e45664 t nfs_lookup_req
00e45824 t nfs_send
00e45978 t nfs_handler
00e45bb8 t nfs_timeout_handler
00e45c1c T nfs_start
00e45d90 t ping_timeout_handler
00e45dac T ping_start
00e45ecc T ping_receive
00e45fa8 t tftp_send
00e46174 t tftp_handler
00e4652c t tftp_timeout_handler
00e465b4 T tftp_start
00e4693c T __aeabi_llsl
00e4693c T __ashldi3
00e46958 T __aeabi_lasr
00e46958 T __ashrdi3
00e46974 T __aeabi_uidiv
00e46974 T __udivsi3
00e46a10 T __aeabi_idiv
00e46a10 T __divsi3
00e46adc T __aeabi_uidivmod
00e46af4 T __aeabi_idivmod
00e46b0c t Ldiv0
00e46b1c T __aeabi_llsr
00e46b1c T __lshrdi3
00e46b38 T __div0
00e46b40 r location.8267
00e46bf0 r CSWTCH.28
00e46c10 r CSWTCH.32
00e46c24 r CSWTCH.46
00e46c44 r CSWTCH.6
00e46c60 r boot_os
00e46cc0 r crc32table_le
00e470c0 r crc_table
00e474c0 r env_flags_varaccess_mask
00e474d0 r g_i32BCHAlgoIdx
00e474e4 r g_i32ParityNum
00e47534 r mon_lengths.7714
00e47594 R op_adv
00e47694 r op_table
00e476fc R ubifs_super_operations
00e47738 r uimage_arch
00e47870 r uimage_comp
00e478c4 r uimage_os
00e4793c r uimage_type
00e47aa4 r year_lengths.7715
00e47aac r crc16_tab
00e47cac R crc16_table
00e47eac r dbase.7126
00e47eec r dext.7127
00e47f2c r distfix
00e47fac r lbase.7124
00e47fea r lenfix
00e487ea r lext.7125
00e48828 r order.7220
00e48897 r CSWTCH.66
00e488ad r __FUNCTION__.7307
00e488c1 r __FUNCTION__.8137
00e488cc r __FUNCTION__.8208
00e488dd r __FUNCTION__.8280
00e488ee r __FUNCTION__.8482
00e488fe r __FUNCTION__.8553
00e48911 r __FUNCTION__.8643
00e48923 r __FUNCTION__.8933
00e48931 r __FUNCTION__.9286
00e48940 r __func__.10071
00e48948 r __func__.10101
00e48956 r __func__.10144
00e4895f r __func__.10160
00e4896a r __func__.10195
00e48976 r __func__.10216
00e48981 r __func__.6961
00e48991 r __func__.6977
00e4899c r __func__.6984
00e489a7 r __func__.7407
00e489b5 r __func__.7444
00e489c3 r __func__.8358
00e489ce r __func__.9639
00e489e5 R _ctype
00e48ae5 r day_name.7708
00e48afa R default_environment
00e48b18 r digits.6777
00e48b28 r env_flags_varaccess_rep
00e48b2d r env_flags_vartype_rep
00e48b34 r erase_seq
00e48b38 r hex_asc
00e48b49 r lzop_magic
00e48b52 r mon_name.7709
00e48b76 r names.6991
00e48b7c r nand_ecc_precalc_table
00e48c7c R net_bcast_ethaddr
00e48c82 r patterns
00e524a2 r tab_seq
00e524ab r us_direction
00e524cb V version_string
00e524f9 r video_fontdata
00e53528 d decrypt_help_text
00e53774 D otp_key
00e537f4 d cmd_decrypt_sub
00e5382c d bootm_help_text
00e53a74 d cmd_bootm_sub
00e53b54 d source_help_text
00e53ba4 d do_echo
00e53ba8 d dp_last_length
00e53bac d mtdparts_help_text
00e5407f d nand_help_text
00e54470 d usb_stor_curr_dev
00e54474 d imgextract_help_text
00e544c9 d env_help_text
00e54718 d env_id
00e5471c d cmd_env_sub
00e54834 d reserved_list
00e548b8 d init_sequence_f
00e5496c D init_sequence_r
00e549f4 d first_call
00e549f8 d first_call
00e549fc D env_name_spec
00e54a00 d usb_scan_list
00e54a08 D usb_max_xfer_blk
00e54a0c D bmp_logo_bitmap
00e5710c D bmp_logo_palette
00e572bc d do_splash.7306
00e572c0 D env_htab
00e572d0 d av_
00e576d8 d sbrk_base
00e576dc d trim_threshold
00e576e0 D load_addr
00e576e4 D stdio_names
00e576f0 d hist_cur
00e576f4 D vpost_cfg
00e57728 D panel_info
00e57738 d mtd_partitions
00e57740 D nand_curr_device
00e57744 d bbt_mirror_descr
00e57768 d mirror_pattern
00e5776c d bbt_main_no_oob_descr
00e57790 d bbt_mirror_no_oob_descr
00e577b4 d bbt_pattern
00e577b8 d scan_ff_pattern
00e577bc d bbt_main_descr
00e577e0 D nand_flash_ids
00e58550 d nand_oob_8
00e590f8 d nand_oob_128
00e59ca0 d nand_oob_16
00e5a848 d nand_oob_64
00e5b3f0 d nuc970_serial_drv
00e5b420 d descriptor
00e5b458 d fstypes
00e5b4dc d lzo_compr
00e5b4f8 d none_compr
00e5b514 d zlib_compr
00e5b530 d ubifs_fs_type
00e5b54c D net_native_vlan
00e5b550 d first_call.7162
00e5b554 D net_our_vlan
00e5b558 d nfs_offset
00e5b55c d supported_nfs_versions
00e5b55e d tftp_block_size_option
00e5b560 D tftp_timeout_count_max
00e5b564 d timeout_ms
00e5b568 d tftp_block_size
00e5b56c d timeout_count_max
00e5b57c D _u_boot_list_2_blk_driver_2_usb
00e5b57c d start.6917
00e5b57c d start.6921
00e5b57c d start.6936
00e5b57c d start.6940
00e5b594 D _u_boot_list_2_cmd_2_base
00e5b594 d end.6924
00e5b594 d end.6943
00e5b594 d start.6725
00e5b594 d start.6729
00e5b594 d start.6865
00e5b594 d start.6869
00e5b594 d start.6896
00e5b594 d start.6900
00e5b5b0 D _u_boot_list_2_cmd_2_bdinfo
00e5b5cc D _u_boot_list_2_cmd_2_boot
00e5b5e8 D _u_boot_list_2_cmd_2_bootd
00e5b604 D _u_boot_list_2_cmd_2_bootelf
00e5b620 D _u_boot_list_2_cmd_2_bootm
00e5b63c D _u_boot_list_2_cmd_2_bootp
00e5b658 D _u_boot_list_2_cmd_2_bootvx
00e5b674 D _u_boot_list_2_cmd_2_chpart
00e5b690 D _u_boot_list_2_cmd_2_cls
00e5b6ac D _u_boot_list_2_cmd_2_cmp
00e5b6c8 D _u_boot_list_2_cmd_2_coninfo
00e5b6e4 D _u_boot_list_2_cmd_2_cp
00e5b700 D _u_boot_list_2_cmd_2_crc32
00e5b71c D _u_boot_list_2_cmd_2_decrypt
00e5b738 D _u_boot_list_2_cmd_2_dhcp
00e5b754 D _u_boot_list_2_cmd_2_echo
00e5b770 D _u_boot_list_2_cmd_2_editenv
00e5b78c D _u_boot_list_2_cmd_2_env
00e5b7a8 D _u_boot_list_2_cmd_2_exit
00e5b7c4 D _u_boot_list_2_cmd_2_false
00e5b7e0 D _u_boot_list_2_cmd_2_fatinfo
00e5b7fc D _u_boot_list_2_cmd_2_fatload
00e5b818 D _u_boot_list_2_cmd_2_fatls
00e5b834 D _u_boot_list_2_cmd_2_fatsize
00e5b850 D _u_boot_list_2_cmd_2_go
00e5b86c D _u_boot_list_2_cmd_2_help
00e5b888 D _u_boot_list_2_cmd_2_iminfo
00e5b8a4 D _u_boot_list_2_cmd_2_imxtract
00e5b8c0 D _u_boot_list_2_cmd_2_itest
00e5b8dc D _u_boot_list_2_cmd_2_lcdputs
00e5b8f8 D _u_boot_list_2_cmd_2_loadb
00e5b914 D _u_boot_list_2_cmd_2_loads
00e5b930 D _u_boot_list_2_cmd_2_loadx
00e5b94c D _u_boot_list_2_cmd_2_loady
00e5b968 D _u_boot_list_2_cmd_2_loop
00e5b984 D _u_boot_list_2_cmd_2_md
00e5b9a0 D _u_boot_list_2_cmd_2_mm
00e5b9bc D _u_boot_list_2_cmd_2_mtdparts
00e5b9d8 D _u_boot_list_2_cmd_2_mw
00e5b9f4 D _u_boot_list_2_cmd_2_nand
00e5ba10 D _u_boot_list_2_cmd_2_nboot
00e5ba2c D _u_boot_list_2_cmd_2_nfs
00e5ba48 D _u_boot_list_2_cmd_2_nm
00e5ba64 D _u_boot_list_2_cmd_2_ping
00e5ba80 D _u_boot_list_2_cmd_2_printenv
00e5ba9c D _u_boot_list_2_cmd_2_question_mark
00e5bab8 D _u_boot_list_2_cmd_2_reset
00e5bad4 D _u_boot_list_2_cmd_2_rtcspare
00e5baf0 D _u_boot_list_2_cmd_2_run
00e5bb0c D _u_boot_list_2_cmd_2_saveenv
00e5bb28 D _u_boot_list_2_cmd_2_setcurs
00e5bb44 D _u_boot_list_2_cmd_2_setenv
00e5bb60 D _u_boot_list_2_cmd_2_showvar
00e5bb7c D _u_boot_list_2_cmd_2_sleep
00e5bb98 D _u_boot_list_2_cmd_2_source
00e5bbb4 D _u_boot_list_2_cmd_2_test
00e5bbd0 D _u_boot_list_2_cmd_2_tftpboot
00e5bbec D _u_boot_list_2_cmd_2_timer
00e5bc08 D _u_boot_list_2_cmd_2_true
00e5bc24 D _u_boot_list_2_cmd_2_ubi
00e5bc40 D _u_boot_list_2_cmd_2_ubifsload
00e5bc5c D _u_boot_list_2_cmd_2_ubifsls
00e5bc78 D _u_boot_list_2_cmd_2_ubifsmount
00e5bc94 D _u_boot_list_2_cmd_2_ubifsumount
00e5bcb0 D _u_boot_list_2_cmd_2_usb
00e5bccc D _u_boot_list_2_cmd_2_usbboot
00e5bce8 D _u_boot_list_2_cmd_2_version
00e5bd04 D _u_boot_list_2_env_clbk_2_baudrate
00e5bd04 d end.6732
00e5bd04 d end.6872
00e5bd04 d end.6903
00e5bd04 d start.6875
00e5bd04 d start.6882
00e5bd0c D _u_boot_list_2_env_clbk_2_bootfile
00e5bd14 D _u_boot_list_2_env_clbk_2_callbacks
00e5bd1c D _u_boot_list_2_env_clbk_2_console
00e5bd24 D _u_boot_list_2_env_clbk_2_ethaddr
00e5bd2c D _u_boot_list_2_env_clbk_2_flags
00e5bd34 D _u_boot_list_2_env_clbk_2_gatewayip
00e5bd3c D _u_boot_list_2_env_clbk_2_ipaddr
00e5bd44 D _u_boot_list_2_env_clbk_2_loadaddr
00e5bd4c D _u_boot_list_2_env_clbk_2_netmask
00e5bd54 D _u_boot_list_2_env_clbk_2_nvlan
00e5bd5c D _u_boot_list_2_env_clbk_2_serverip
00e5bd64 D _u_boot_list_2_env_clbk_2_vlan
00e5bd6c D _u_boot_list_2_part_driver_2_dos
00e5bd6c d end.6878
00e5bd6c d start.6814
00e5bd6c d start.6818
00e5bd6c d start.6881
00e5bd6c d start.6885
00e5bd6c d start.6961
00e5bd6c d start.6965
00e5bd84 B __bss_base
00e5bd84 B __bss_start
00e5bd84 D __image_copy_end
00e5bd84 D __rel_dyn_start
00e5bd84 b params
00e5bd84 d end.6821
00e5bd84 d end.6888
00e5bd84 d end.6968
00e5bd88 B Wait
00e5bd8c b send_parms
00e5bda0 b os_data_init
00e5bda4 b os_data_addr_saved
00e5bda8 b his_pad_char
00e5bda9 b a_b
00e5bdc4 b os_data_char
00e5bdc8 b os_data_state
00e5bdcc b k_data_escape
00e5bdd0 b os_data_state_saved
00e5bdd4 b os_data_addr
00e5bdd8 b send_ptr
00e5bddc b bin_start_address
00e5bde0 b his_quote
00e5bde4 b his_pad_count
00e5bde8 b his_eol
00e5bdec b k_data_escape_saved
00e5bdf0 b dp_last_addr
00e5bdf4 b base_address
00e5bdf8 b mm_last_size
00e5bdfc b mm_last_addr
00e5be00 b dp_last_size
00e5be04 b start.6833
00e5be08 b last_ids
00e5be88 B current_mtd_dev
00e5be8c B use_defaults
00e5be8d b last_partition
00e5be9d b last_parts
00e5c0a0 b initialized.8488
00e5c0a4 B current_mtd_partnum
00e5c0a8 b mtdids
00e5c0b0 b devices
00e5c0b8 b last.8328
00e5c0c0 b ubi
00e5c0c4 b ubi_dev
00e5c120 b ubi_initialized
00e5c124 b buffer
00e5c174 b ubifs_initialized
00e5c178 b ubifs_mounted
00e5c17c b flag_repeat
00e5c180 b the_command.7129
00e5c281 b buf.7329
00e5c2ac b ifs
00e5c2b0 b last_return_code
00e5c2b4 b map
00e5c3b4 b do_repeat
00e5c3b8 b top_vars
00e5c3bc b stored_bootdelay
00e5c3c0 B monitor_flash_len
00e5c3c4 B images
00e5c4f4 b callback_list
00e5c4f8 b flags_list
00e5c4fc b dev_index
00e5c500 b usb_dev
00e63684 R __rel_dyn_end
00e63684 R _end
00e63684 r _image_binary_end
00e6f100 b asynch_allowed
00e6f104 B usb_started
00e6f108 b usb_hub_index
00e6f10c b hub_dev
00e6f48c b running.9340
00e6f490 b usb_stor
00e6f5fc b usb_dev_desc
00e6f928 b usb_max_devs
00e6f92c b CBWTag
00e6f940 b usb_ccb
00e6f9e0 b lcd_color_bg
00e6f9e4 b lcd_base
00e6f9e8 b lcd_color_fg
00e6f9ec B lcd_line_length
00e6f9f0 B lcd_is_enabled
00e6f9f4 b cons
00e6fa18 b ctrlc_was_pressed
00e6fa1c B cd_count
00e6fa28 b tstcdev
00e6fa2c b ctrlc_disabled
00e6fa30 B console_devices
00e6fa3c b max_total_mem
00e6fa40 B mem_malloc_brk
00e6fa44 b max_sbrked_mem
00e6fa48 b current_mallinfo
00e6fa70 B mem_malloc_end
00e6fa74 b top_pad
00e6fa78 B mem_malloc_start
00e6fa7c b devs
00e6fac8 B stdio_devices
00e6fad4 b hist_list
00e6fb24 b hist_lines
00e70f38 b hist_max
00e70f3c b hist_add_idx
00e70f40 b initted.6934
00e70f44 b hist_num
00e70f48 B console_buffer
00e71049 b tmp_buf
00e71149 b tmp_buf.6886
00e7134c b xyz
00e71780 b mtd_idr
00e71980 B nand_info
00e71988 b nand_chip
00e71e98 b total_nand_size
00e71e9c b dev_name
00e71ea4 B nuc970_nand
00e71ea8 b nuc970_nand_oob
00e72a50 b vidh
00e72a54 b ech
00e72a58 b mtd_devs
00e72a5c B ubi_wl_entry_slab
00e72a60 B ubi_devices
00e72ae0 b mtd_dev_param
00e73460 b empty_vtbl_record
00e73520 B tx_desc
00e73560 B rx_desc_ptr
00e73564 B tx_desc_ptr
00e73580 B rx_desc
00e73680 b serial_devices
00e73684 b serial_current
00e736a0 b ehcic
00e737c0 b fs_partition
00e73810 b fs_type
00e73814 b fs_dev_desc
00e73820 B do_fat_read_at_block
00e83820 B get_dentfromdir_block
00e93820 b cur_part_info
00e93880 B get_contents_vfatname_block
00ea3880 b cur_dev
00ea3884 B ubifs_compressors
00ea3890 B ubifs_clean_zn_cnt
00ea3894 B ubifs_sb
00ea3898 b inodes_locked_down
00ea3998 B ubifs_inode_slab
00ea399c B errno
00ea39a0 b local.7000
00ea39b6 b arp_tx_packet_buf
00ea3fd8 B arp_wait_packet_ethaddr
00ea3fdc b arp_tx_packet
00ea3fe0 B arp_wait_tx_packet_size
00ea3fe4 B arp_wait_try
00ea3fe8 b net_arp_wait_reply_ip
00ea3fec B net_arp_wait_packet_ip
00ea3ff0 B arp_wait_timer_start
00ea3ff4 b dhcp_state
00ea3ff8 B net_hostname
00ea4018 B bootp_timeout
00ea401c b dhcp_server_ip
00ea4020 b dhcp_option_overload
00ea4024 b time_taken_max
00ea4028 B net_root_path
00ea4068 B bootp_ids
00ea4078 B bootp_num_ids
00ea407c B bootp_try
00ea4080 B bootp_start
00ea4084 b dhcp_leasetime
00ea4088 B net_nis_domain
00ea40a8 B eth_current
00ea40ac b index.7346
00ea40b0 b eth_devices
00ea40b4 b env_changed_id.8949
00ea40b8 b act.8948
00ea40bc b first_failed.8943
00ea40c0 B net_ethaddr
00ea40c8 B net_dns_server
00ea40cc B net_state
00ea40d0 B net_server_ip
00ea40d4 B net_rx_packet
00ea40d8 B net_boot_file_expected_size_in_blocks
00ea40dc B net_rx_packets
00ea411c b time_start
00ea4120 b time_start
00ea4124 B net_gateway
00ea4128 B net_boot_file_name
00ea4528 b udp_packet_handler
00ea452c b net_dev_exists
00ea4530 b net_try_count
00ea4534 B net_server_ethaddr
00ea453a B net_null_ethaddr
00ea4540 b net_ip_id
00ea4544 B net_restart_wrap
00ea4548 b net_restarted
00ea454c b time_delta
00ea4550 b arp_packet_handler
00ea4554 B net_netmask
00ea4558 b net_pkt_buf
00eaab78 B net_ip
00eaab7c B net_rx_packet_len
00eaab80 B net_tx_packet
00eaab84 b time_handler
00eaab88 B net_boot_file_size
00eaab8c b nfs_server_mount_port
00eaab90 b nfs_server_ip
00eaab94 b nfs_filename
00eaab98 b nfs_state
00eaab9c b filefh3_length
00eaaba0 b dirfh
00eaabc0 b rpc_id
00eaabc4 b fs_mounted
00eaabc8 b nfs_len
00eaabcc b nfs_server_port
00eaabd0 b nfs_download_state
00eaabd4 b nfs_path
00eaabd8 b nfs_path_buff
00eab3d8 b nfs_timeout_count
00eab3dc b filefh
00eab41c b nfs_our_port
00eab420 B net_ping_ip
00eab424 b ping_seq_number
00eab428 b tftp_prev_block
00eab42c b timeout_count
00eab430 b tftp_block_wrap
00eab434 b default_filename
00eab444 b tftp_remote_port
00eab448 b tftp_cur_block
00eab44c b tftp_remote_ip
00eab450 b tftp_state
00eab454 b tftp_our_port
00eab458 b tftp_filename
00eab4d8 b tftp_block_wrap_offset
00eab4dc B __bss_end
00eab4dc B __bss_limit
