my_nand_base.c:73:9:nand_read_byte	0	static
my_nand_base.c:86:16:nand_read_byte16	0	static
my_nand_base.c:98:12:nand_read_word	0	static
my_nand_base.c:156:6:nand_read_buf	0	static
my_nand_base.c:171:6:nand_read_buf16	0	static
my_nand_base.c:191:12:nand_read_page_hwecc	48	static
my_nand_base.c:255:12:nand_read_page_hwecc_oob_first	40	static
my_nand_base.c:309:13:nand_set_defaults	0	static
my_nand_base.c:111:13:nand_select_chip	0	static
my_nand_base.c:770:5:nand_scan_ident	48	static
my_nand_base.c:830:5:nand_scan_tail	24	static
my_nand_base.c:1036:5:nand_scan	8	static
