serial.c:163:12:serial_stub_start	0	static
serial.c:170:12:serial_stub_stop	0	static
serial.c:177:13:serial_stub_putc	0	static
serial.c:184:13:serial_stub_puts	0	static
serial.c:191:5:serial_stub_getc	0	static
serial.c:198:5:serial_stub_tstc	0	static
serial.c:292:30:get_current	8	static
serial.c:33:13:serial_null	0	static
serial.c:124:6:serial_register	0	static
serial.c:212:6:serial_stdio_init	96	static
serial.c:249:5:serial_assign	16	static
serial.c:156:6:serial_initialize	8	static
serial.c:269:6:serial_reinit_all	8	static
serial.c:326:5:serial_init	8	static
serial.c:342:6:serial_setbrg	8	static
serial.c:358:5:serial_getc	8	static
serial.c:373:5:serial_tstc	8	static
serial.c:389:6:serial_putc	8	static
serial.c:407:6:serial_puts	8	static
serial.c:424:6:default_serial_puts	16	static
